2024-01-01 10:00:00 INFO User login successful
